Archive member included to satisfy reference by file (symbol)

/opt/stm32cubeide/plugins/com.st.stm32cube.ide.mcu.externaltools.gnu-tools-for-stm32.9-2020-q2-update.linux64_2.0.0.202105311346/tools/bin/../lib/gcc/arm-none-eabi/9.3.1/../../../../arm-none-eabi/lib/thumb/v7e-m+fp/hard/libc_nano.a(lib_a-errno.o)
                              ./Core/Src/syscalls.o (__errno)
/opt/stm32cubeide/plugins/com.st.stm32cube.ide.mcu.externaltools.gnu-tools-for-stm32.9-2020-q2-update.linux64_2.0.0.202105311346/tools/bin/../lib/gcc/arm-none-eabi/9.3.1/../../../../arm-none-eabi/lib/thumb/v7e-m+fp/hard/libc_nano.a(lib_a-exit.o)
                              /opt/stm32cubeide/plugins/com.st.stm32cube.ide.mcu.externaltools.gnu-tools-for-stm32.9-2020-q2-update.linux64_2.0.0.202105311346/tools/bin/../lib/gcc/arm-none-eabi/9.3.1/../../../../arm-none-eabi/lib/thumb/v7e-m+fp/hard/crt0.o (exit)
/opt/stm32cubeide/plugins/com.st.stm32cube.ide.mcu.externaltools.gnu-tools-for-stm32.9-2020-q2-update.linux64_2.0.0.202105311346/tools/bin/../lib/gcc/arm-none-eabi/9.3.1/../../../../arm-none-eabi/lib/thumb/v7e-m+fp/hard/libc_nano.a(lib_a-impure.o)
                              /opt/stm32cubeide/plugins/com.st.stm32cube.ide.mcu.externaltools.gnu-tools-for-stm32.9-2020-q2-update.linux64_2.0.0.202105311346/tools/bin/../lib/gcc/arm-none-eabi/9.3.1/../../../../arm-none-eabi/lib/thumb/v7e-m+fp/hard/libc_nano.a(lib_a-exit.o) (_global_impure_ptr)
/opt/stm32cubeide/plugins/com.st.stm32cube.ide.mcu.externaltools.gnu-tools-for-stm32.9-2020-q2-update.linux64_2.0.0.202105311346/tools/bin/../lib/gcc/arm-none-eabi/9.3.1/../../../../arm-none-eabi/lib/thumb/v7e-m+fp/hard/libc_nano.a(lib_a-init.o)
                              /opt/stm32cubeide/plugins/com.st.stm32cube.ide.mcu.externaltools.gnu-tools-for-stm32.9-2020-q2-update.linux64_2.0.0.202105311346/tools/bin/../lib/gcc/arm-none-eabi/9.3.1/../../../../arm-none-eabi/lib/thumb/v7e-m+fp/hard/crt0.o (__libc_init_array)
/opt/stm32cubeide/plugins/com.st.stm32cube.ide.mcu.externaltools.gnu-tools-for-stm32.9-2020-q2-update.linux64_2.0.0.202105311346/tools/bin/../lib/gcc/arm-none-eabi/9.3.1/../../../../arm-none-eabi/lib/thumb/v7e-m+fp/hard/libc_nano.a(lib_a-memset.o)
                              /opt/stm32cubeide/plugins/com.st.stm32cube.ide.mcu.externaltools.gnu-tools-for-stm32.9-2020-q2-update.linux64_2.0.0.202105311346/tools/bin/../lib/gcc/arm-none-eabi/9.3.1/../../../../arm-none-eabi/lib/thumb/v7e-m+fp/hard/crt0.o (memset)

Allocating common symbols
Common symbol       size              file

canRxBuffer         0x8               ./Core/Src/main.o
hspi2               0x64              ./Core/Src/main.o
sn                  0x4               ./Core/Src/main.o
hcan                0x28              ./Core/Src/can.o
uwTick              0x4               ./Drivers/STM32F3xx_HAL_Driver/Src/stm32f3xx_hal.o
pFlash              0x20              ./Drivers/STM32F3xx_HAL_Driver/Src/stm32f3xx_hal_flash.o
canRxHeader         0x1c              ./Core/Src/main.o
signal              0x30              ./Core/Src/main.o
hdac                0x14              ./Core/Src/dac.o
htim16              0x4c              ./Core/Src/main.o
canFilter           0x28              ./Core/Src/main.o

Discarded input sections

 .text          0x0000000000000000        0x0 /opt/stm32cubeide/plugins/com.st.stm32cube.ide.mcu.externaltools.gnu-tools-for-stm32.9-2020-q2-update.linux64_2.0.0.202105311346/tools/bin/../lib/gcc/arm-none-eabi/9.3.1/thumb/v7e-m+fp/hard/crti.o
 .data          0x0000000000000000        0x0 /opt/stm32cubeide/plugins/com.st.stm32cube.ide.mcu.externaltools.gnu-tools-for-stm32.9-2020-q2-update.linux64_2.0.0.202105311346/tools/bin/../lib/gcc/arm-none-eabi/9.3.1/thumb/v7e-m+fp/hard/crti.o
 .bss           0x0000000000000000        0x0 /opt/stm32cubeide/plugins/com.st.stm32cube.ide.mcu.externaltools.gnu-tools-for-stm32.9-2020-q2-update.linux64_2.0.0.202105311346/tools/bin/../lib/gcc/arm-none-eabi/9.3.1/thumb/v7e-m+fp/hard/crti.o
 .data          0x0000000000000000        0x4 /opt/stm32cubeide/plugins/com.st.stm32cube.ide.mcu.externaltools.gnu-tools-for-stm32.9-2020-q2-update.linux64_2.0.0.202105311346/tools/bin/../lib/gcc/arm-none-eabi/9.3.1/thumb/v7e-m+fp/hard/crtbegin.o
 .text          0x0000000000000000       0x7c /opt/stm32cubeide/plugins/com.st.stm32cube.ide.mcu.externaltools.gnu-tools-for-stm32.9-2020-q2-update.linux64_2.0.0.202105311346/tools/bin/../lib/gcc/arm-none-eabi/9.3.1/../../../../arm-none-eabi/lib/thumb/v7e-m+fp/hard/crt0.o
 .data          0x0000000000000000        0x0 /opt/stm32cubeide/plugins/com.st.stm32cube.ide.mcu.externaltools.gnu-tools-for-stm32.9-2020-q2-update.linux64_2.0.0.202105311346/tools/bin/../lib/gcc/arm-none-eabi/9.3.1/../../../../arm-none-eabi/lib/thumb/v7e-m+fp/hard/crt0.o
[...]
Memory Configuration

Name             Origin             Length             Attributes
RAM              0x0000000020000000 0x0000000000004000 xrw
FLASH            0x0000000008000000 0x0000000000010000 xr
*default*        0x0000000000000000 0xffffffffffffffff

Linker script and memory map

LOAD /opt/stm32cubeide/plugins/com.st.stm32cube.ide.mcu.externaltools.gnu-tools-for-stm32.9-2020-q2-update.linux64_2.0.0.202105311346/tools/bin/../lib/gcc/arm-none-eabi/9.3.1/thumb/v7e-m+fp/hard/crti.o
LOAD /opt/stm32cubeide/plugins/com.st.stm32cube.ide.mcu.externaltools.gnu-tools-for-stm32.9-2020-q2-update.linux64_2.0.0.202105311346/tools/bin/../lib/gcc/arm-none-eabi/9.3.1/thumb/v7e-m+fp/hard/crtbegin.o
LOAD /opt/stm32cubeide/plugins/com.st.stm32cube.ide.mcu.externaltools.gnu-tools-for-stm32.9-2020-q2-update.linux64_2.0.0.202105311346/tools/bin/../lib/gcc/arm-none-eabi/9.3.1/../../../../arm-none-eabi/lib/thumb/v7e-m+fp/hard/crt0.o
LOAD ./Core/Src/can.o
LOAD ./Core/Src/can_bit_timing.o
LOAD ./Core/Src/can_signal.o
LOAD ./Core/Src/dac.o
LOAD ./Core/Src/device_sn.o
LOAD ./Core/Src/gpio.o
LOAD ./Core/Src/main.o
LOAD ./Core/Src/spi.o
LOAD ./Core/Src/stm32f3xx_hal_msp.o
LOAD ./Core/Src/stm32f3xx_it.o
LOAD ./Core/Src/syscalls.o
LOAD ./Core/Src/sysmem.o
LOAD ./Core/Src/system_stm32f3xx.o
LOAD ./Core/Src/tim.o
LOAD ./Core/Startup/startup_stm32f302c8tx.o
LOAD ./Drivers/STM32F3xx_HAL_Driver/Src/stm32f3xx_hal.o
LOAD ./Drivers/STM32F3xx_HAL_Driver/Src/stm32f3xx_hal_can.o
LOAD ./Drivers/STM32F3xx_HAL_Driver/Src/stm32f3xx_hal_cortex.o
LOAD ./Drivers/STM32F3xx_HAL_Driver/Src/stm32f3xx_hal_dac.o
LOAD ./Drivers/STM32F3xx_HAL_Driver/Src/stm32f3xx_hal_dac_ex.o
LOAD ./Drivers/STM32F3xx_HAL_Driver/Src/stm32f3xx_hal_dma.o
LOAD ./Drivers/STM32F3xx_HAL_Driver/Src/stm32f3xx_hal_exti.o
LOAD ./Drivers/STM32F3xx_HAL_Driver/Src/stm32f3xx_hal_flash.o
LOAD ./Drivers/STM32F3xx_HAL_Driver/Src/stm32f3xx_hal_flash_ex.o
LOAD ./Drivers/STM32F3xx_HAL_Driver/Src/stm32f3xx_hal_gpio.o
LOAD ./Drivers/STM32F3xx_HAL_Driver/Src/stm32f3xx_hal_i2c.o
LOAD ./Drivers/STM32F3xx_HAL_Driver/Src/stm32f3xx_hal_i2c_ex.o
LOAD ./Drivers/STM32F3xx_HAL_Driver/Src/stm32f3xx_hal_pwr.o
LOAD ./Drivers/STM32F3xx_HAL_Driver/Src/stm32f3xx_hal_pwr_ex.o
LOAD ./Drivers/STM32F3xx_HAL_Driver/Src/stm32f3xx_hal_rcc.o
LOAD ./Drivers/STM32F3xx_HAL_Driver/Src/stm32f3xx_hal_rcc_ex.o
LOAD ./Drivers/STM32F3xx_HAL_Driver/Src/stm32f3xx_hal_spi.o
LOAD ./Drivers/STM32F3xx_HAL_Driver/Src/stm32f3xx_hal_spi_ex.o
LOAD ./Drivers/STM32F3xx_HAL_Driver/Src/stm32f3xx_hal_tim.o
LOAD ./Drivers/STM32F3xx_HAL_Driver/Src/stm32f3xx_hal_tim_ex.o
START GROUP
LOAD /opt/stm32cubeide/plugins/com.st.stm32cube.ide.mcu.externaltools.gnu-tools-for-stm32.9-2020-q2-update.linux64_2.0.0.202105311346/tools/bin/../lib/gcc/arm-none-eabi/9.3.1/../../../../arm-none-eabi/lib/thumb/v7e-m+fp/hard/libc_nano.a
LOAD /opt/stm32cubeide/plugins/com.st.stm32cube.ide.mcu.externaltools.gnu-tools-for-stm32.9-2020-q2-update.linux64_2.0.0.202105311346/tools/bin/../lib/gcc/arm-none-eabi/9.3.1/../../../../arm-none-eabi/lib/thumb/v7e-m+fp/hard/libm.a
END GROUP
START GROUP
LOAD /opt/stm32cubeide/plugins/com.st.stm32cube.ide.mcu.externaltools.gnu-tools-for-stm32.9-2020-q2-update.linux64_2.0.0.202105311346/tools/bin/../lib/gcc/arm-none-eabi/9.3.1/thumb/v7e-m+fp/hard/libgcc.a
LOAD /opt/stm32cubeide/plugins/com.st.stm32cube.ide.mcu.externaltools.gnu-tools-for-stm32.9-2020-q2-update.linux64_2.0.0.202105311346/tools/bin/../lib/gcc/arm-none-eabi/9.3.1/../../../../arm-none-eabi/lib/thumb/v7e-m+fp/hard/libc_nano.a
END GROUP
START GROUP
LOAD /opt/stm32cubeide/plugins/com.st.stm32cube.ide.mcu.externaltools.gnu-tools-for-stm32.9-2020-q2-update.linux64_2.0.0.202105311346/tools/bin/../lib/gcc/arm-none-eabi/9.3.1/thumb/v7e-m+fp/hard/libgcc.a
LOAD /opt/stm32cubeide/plugins/com.st.stm32cube.ide.mcu.externaltools.gnu-tools-for-stm32.9-2020-q2-update.linux64_2.0.0.202105311346/tools/bin/../lib/gcc/arm-none-eabi/9.3.1/../../../../arm-none-eabi/lib/thumb/v7e-m+fp/hard/libc_nano.a
LOAD /opt/stm32cubeide/plugins/com.st.stm32cube.ide.mcu.externaltools.gnu-tools-for-stm32.9-2020-q2-update.linux64_2.0.0.202105311346/tools/bin/../lib/gcc/arm-none-eabi/9.3.1/../../../../arm-none-eabi/lib/thumb/v7e-m+fp/hard/libnosys.a
END GROUP
START GROUP
LOAD /opt/stm32cubeide/plugins/com.st.stm32cube.ide.mcu.externaltools.gnu-tools-for-stm32.9-2020-q2-update.linux64_2.0.0.202105311346/tools/bin/../lib/gcc/arm-none-eabi/9.3.1/thumb/v7e-m+fp/hard/libgcc.a
LOAD /opt/stm32cubeide/plugins/com.st.stm32cube.ide.mcu.externaltools.gnu-tools-for-stm32.9-2020-q2-update.linux64_2.0.0.202105311346/tools/bin/../lib/gcc/arm-none-eabi/9.3.1/../../../../arm-none-eabi/lib/thumb/v7e-m+fp/hard/libc_nano.a
LOAD /opt/stm32cubeide/plugins/com.st.stm32cube.ide.mcu.externaltools.gnu-tools-for-stm32.9-2020-q2-update.linux64_2.0.0.202105311346/tools/bin/../lib/gcc/arm-none-eabi/9.3.1/../../../../arm-none-eabi/lib/thumb/v7e-m+fp/hard/libnosys.a
END GROUP
LOAD /opt/stm32cubeide/plugins/com.st.stm32cube.ide.mcu.externaltools.gnu-tools-for-stm32.9-2020-q2-update.linux64_2.0.0.202105311346/tools/bin/../lib/gcc/arm-none-eabi/9.3.1/thumb/v7e-m+fp/hard/crtend.o
LOAD /opt/stm32cubeide/plugins/com.st.stm32cube.ide.mcu.externaltools.gnu-tools-for-stm32.9-2020-q2-update.linux64_2.0.0.202105311346/tools/bin/../lib/gcc/arm-none-eabi/9.3.1/thumb/v7e-m+fp/hard/crtn.o
                0x0000000020004000                _estack = (ORIGIN (RAM) + LENGTH (RAM))
                0x0000000000000200                _Min_Heap_Size = 0x200
                0x0000000000000400                _Min_Stack_Size = 0x400

.isr_vector     0x0000000008000000      0x188
                0x0000000008000000                . = ALIGN (0x4)
 *(.isr_vector)
 .isr_vector    0x0000000008000000      0x188 ./Core/Startup/startup_stm32f302c8tx.o
                0x0000000008000000                g_pfnVectors
                0x0000000008000188                . = ALIGN (0x4)

.text           0x0000000008000188     0x4b88
                0x0000000008000188                . = ALIGN (0x4)
 *(.text)
 .text          0x0000000008000188       0x40 /opt/stm32cubeide/plugins/com.st.stm32cube.ide.mcu.externaltools.gnu-tools-for-stm32.9-2020-q2-update.linux64_2.0.0.202105311346/tools/bin/../lib/gcc/arm-none-eabi/9.3.1/thumb/v7e-m+fp/hard/crtbegin.o
 *(.text*)
 .text.MX_CAN_Init
                0x00000000080001c8       0x6c ./Core/Src/can.o
                0x00000000080001c8                MX_CAN_Init
 .text.HAL_CAN_MspInit
                0x0000000008000234       0x88 ./Core/Src/can.o
                0x0000000008000234                HAL_CAN_MspInit
 .text.HAL_CAN_MspDeInit
                0x00000000080002bc       0x3c ./Core/Src/can.o
                0x00000000080002bc                HAL_CAN_MspDeInit
 .text.can_set_bit_timing
                0x00000000080002f8      0x1b2 ./Core/Src/can_bit_timing.o
                0x00000000080002f8                can_set_bit_timing
 *fill*         0x00000000080004aa        0x2 
 .text.signal_init
                0x00000000080004ac       0xc8 ./Core/Src/can_signal.o
                0x00000000080004ac                signal_init
 .text.signal_update
                0x0000000008000574       0x9e ./Core/Src/can_signal.o
                0x0000000008000574                signal_update
 .text.map      0x0000000008000612       0x38 ./Core/Src/can_signal.o
                0x0000000008000612                map
 .text.nibble_swap
                0x000000000800064a       0x80 ./Core/Src/can_signal.o
                0x000000000800064a                nibble_swap
 *fill*         0x00000000080006ca        0x2 
 .text.signal_calc
                0x00000000080006cc      0x1c4 ./Core/Src/can_signal.o
                0x00000000080006cc                signal_calc
 .text.MX_DAC_Init
                0x0000000008000890       0x54 ./Core/Src/dac.o
                0x0000000008000890                MX_DAC_Init
 .text.HAL_DAC_MspInit
                0x00000000080008e4       0x7c ./Core/Src/dac.o
                0x00000000080008e4                HAL_DAC_MspInit
 .text.calc_sn  0x0000000008000960       0x3e ./Core/Src/device_sn.o
                0x0000000008000960                calc_sn
 .text.swap     0x000000000800099e       0x2a ./Core/Src/device_sn.o
                0x000000000800099e                swap
 .text.selectionSort
                0x00000000080009c8       0x76 ./Core/Src/device_sn.o
                0x00000000080009c8                selectionSort
 *fill*         0x0000000008000a3e        0x2 
 .text.MX_GPIO_Init
                0x0000000008000a40       0xe4 ./Core/Src/gpio.o
                0x0000000008000a40                MX_GPIO_Init
 .text.main     0x0000000008000b24      0x3c0 ./Core/Src/main.o
                0x0000000008000b24                main
 .text.SystemClock_Config
                0x0000000008000ee4       0xae ./Core/Src/main.o
                0x0000000008000ee4                SystemClock_Config
 .text.can_filter_init
                0x0000000008000f92       0x5a ./Core/Src/main.o
                0x0000000008000f92                can_filter_init
 .text.HAL_TIM_PeriodElapsedCallback
                0x0000000008000fec       0x30 ./Core/Src/main.o
                0x0000000008000fec                HAL_TIM_PeriodElapsedCallback
 .text.can_led_touch
                0x000000000800101c       0x28 ./Core/Src/main.o
                0x000000000800101c                can_led_touch
 .text.Error_Handler
                0x0000000008001044       0x18 ./Core/Src/main.o
                0x0000000008001044                Error_Handler
 .text.MX_SPI2_Init
                0x000000000800105c       0x74 ./Core/Src/spi.o
                0x000000000800105c                MX_SPI2_Init
 .text.HAL_SPI_MspInit
                0x00000000080010d0       0x88 ./Core/Src/spi.o
                0x00000000080010d0                HAL_SPI_MspInit
 .text.HAL_MspInit
                0x0000000008001158       0x48 ./Core/Src/stm32f3xx_hal_msp.o
                0x0000000008001158                HAL_MspInit
 .text.NMI_Handler
                0x00000000080011a0        0x6 ./Core/Src/stm32f3xx_it.o
                0x00000000080011a0                NMI_Handler
 .text.HardFault_Handler
                0x00000000080011a6        0x6 ./Core/Src/stm32f3xx_it.o
                0x00000000080011a6                HardFault_Handler
 .text.MemManage_Handler
                0x00000000080011ac        0x6 ./Core/Src/stm32f3xx_it.o
                0x00000000080011ac                MemManage_Handler
 .text.BusFault_Handler
                0x00000000080011b2        0x6 ./Core/Src/stm32f3xx_it.o
                0x00000000080011b2                BusFault_Handler
 .text.UsageFault_Handler
                0x00000000080011b8        0x6 ./Core/Src/stm32f3xx_it.o
                0x00000000080011b8                UsageFault_Handler
 .text.SVC_Handler
                0x00000000080011be        0xe ./Core/Src/stm32f3xx_it.o
                0x00000000080011be                SVC_Handler
 .text.DebugMon_Handler
                0x00000000080011cc        0xe ./Core/Src/stm32f3xx_it.o
                0x00000000080011cc                DebugMon_Handler
 .text.PendSV_Handler
                0x00000000080011da        0xe ./Core/Src/stm32f3xx_it.o
                0x00000000080011da                PendSV_Handler
 .text.SysTick_Handler
                0x00000000080011e8        0xc ./Core/Src/stm32f3xx_it.o
                0x00000000080011e8                SysTick_Handler
 .text.TIM1_UP_TIM16_IRQHandler
                0x00000000080011f4       0x14 ./Core/Src/stm32f3xx_it.o
                0x00000000080011f4                TIM1_UP_TIM16_IRQHandler
 .text.SystemInit
                0x0000000008001208       0x24 ./Core/Src/system_stm32f3xx.o
                0x0000000008001208                SystemInit
 .text.MX_TIM16_Init
                0x000000000800122c       0x4c ./Core/Src/tim.o
                0x000000000800122c                MX_TIM16_Init
 .text.HAL_TIM_Base_MspInit
                0x0000000008001278       0x4c ./Core/Src/tim.o
                0x0000000008001278                HAL_TIM_Base_MspInit
 .text.Reset_Handler
                0x00000000080012c4       0x50 ./Core/Startup/startup_stm32f302c8tx.o
                0x00000000080012c4                Reset_Handler
 .text.Default_Handler
                0x0000000008001314        0x2 ./Core/Startup/startup_stm32f302c8tx.o
                0x0000000008001314                RTC_Alarm_IRQHandler
                0x0000000008001314                TIM1_CC_IRQHandler
                0x0000000008001314                USB_HP_IRQHandler
                0x0000000008001314                PVD_IRQHandler
                0x0000000008001314                TAMP_STAMP_IRQHandler
                0x0000000008001314                EXTI3_IRQHandler
                0x0000000008001314                I2C3_ER_IRQHandler
                0x0000000008001314                USB_HP_CAN_TX_IRQHandler
                0x0000000008001314                EXTI0_IRQHandler
                0x0000000008001314                I2C2_EV_IRQHandler
                0x0000000008001314                FPU_IRQHandler
                0x0000000008001314                CAN_SCE_IRQHandler
                0x0000000008001314                TIM6_DAC_IRQHandler
                0x0000000008001314                DMA1_Channel4_IRQHandler
                0x0000000008001314                ADC1_IRQHandler
                0x0000000008001314                USART3_IRQHandler
                0x0000000008001314                DMA1_Channel7_IRQHandler
                0x0000000008001314                CAN_RX1_IRQHandler
                0x0000000008001314                I2C1_EV_IRQHandler
                0x0000000008001314                DMA1_Channel6_IRQHandler
                0x0000000008001314                RCC_IRQHandler
                0x0000000008001314                DMA1_Channel1_IRQHandler
                0x0000000008001314                Default_Handler
                0x0000000008001314                USBWakeUp_RMP_IRQHandler
                0x0000000008001314                EXTI15_10_IRQHandler
                0x0000000008001314                COMP2_IRQHandler
                0x0000000008001314                I2C3_EV_IRQHandler
                0x0000000008001314                EXTI9_5_IRQHandler
                0x0000000008001314                RTC_WKUP_IRQHandler
                0x0000000008001314                SPI2_IRQHandler
                0x0000000008001314                USB_LP_CAN_RX0_IRQHandler
                0x0000000008001314                DMA1_Channel5_IRQHandler
                0x0000000008001314                USB_LP_IRQHandler
                0x0000000008001314                EXTI4_IRQHandler
                0x0000000008001314                TIM1_TRG_COM_TIM17_IRQHandler
                0x0000000008001314                DMA1_Channel3_IRQHandler
                0x0000000008001314                WWDG_IRQHandler
                0x0000000008001314                TIM2_IRQHandler
                0x0000000008001314                EXTI1_IRQHandler
                0x0000000008001314                COMP4_6_IRQHandler
                0x0000000008001314                USART2_IRQHandler
                0x0000000008001314                I2C2_ER_IRQHandler
                0x0000000008001314                DMA1_Channel2_IRQHandler
                0x0000000008001314                FLASH_IRQHandler
                0x0000000008001314                USART1_IRQHandler
                0x0000000008001314                SPI3_IRQHandler
                0x0000000008001314                I2C1_ER_IRQHandler
                0x0000000008001314                USBWakeUp_IRQHandler
                0x0000000008001314                EXTI2_TSC_IRQHandler
                0x0000000008001314                TIM1_BRK_TIM15_IRQHandler
 *fill*         0x0000000008001316        0x2 
 .text.HAL_Init
                0x0000000008001318       0x2c ./Drivers/STM32F3xx_HAL_Driver/Src/stm32f3xx_hal.o
                0x0000000008001318                HAL_Init
 .text.HAL_InitTick
                0x0000000008001344       0x60 ./Drivers/STM32F3xx_HAL_Driver/Src/stm32f3xx_hal.o
                0x0000000008001344                HAL_InitTick
 .text.HAL_IncTick
                0x00000000080013a4       0x28 ./Drivers/STM32F3xx_HAL_Driver/Src/stm32f3xx_hal.o
                0x00000000080013a4                HAL_IncTick
 .text.HAL_GetTick
                0x00000000080013cc       0x18 ./Drivers/STM32F3xx_HAL_Driver/Src/stm32f3xx_hal.o
                0x00000000080013cc                HAL_GetTick
 .text.HAL_GetUIDw0
                0x00000000080013e4       0x18 ./Drivers/STM32F3xx_HAL_Driver/Src/stm32f3xx_hal.o
                0x00000000080013e4                HAL_GetUIDw0
 .text.HAL_GetUIDw1
                0x00000000080013fc       0x18 ./Drivers/STM32F3xx_HAL_Driver/Src/stm32f3xx_hal.o
                0x00000000080013fc                HAL_GetUIDw1
 .text.HAL_GetUIDw2
                0x0000000008001414       0x18 ./Drivers/STM32F3xx_HAL_Driver/Src/stm32f3xx_hal.o
                0x0000000008001414                HAL_GetUIDw2
 .text.HAL_CAN_Init
                0x000000000800142c      0x1f6 ./Drivers/STM32F3xx_HAL_Driver/Src/stm32f3xx_hal_can.o
                0x000000000800142c                HAL_CAN_Init
 .text.HAL_CAN_DeInit
                0x0000000008001622       0x46 ./Drivers/STM32F3xx_HAL_Driver/Src/stm32f3xx_hal_can.o
                0x0000000008001622                HAL_CAN_DeInit
 .text.HAL_CAN_ConfigFilter
                0x0000000008001668      0x194 ./Drivers/STM32F3xx_HAL_Driver/Src/stm32f3xx_hal_can.o
                0x0000000008001668                HAL_CAN_ConfigFilter
 .text.HAL_CAN_Start
                0x00000000080017fc       0x88 ./Drivers/STM32F3xx_HAL_Driver/Src/stm32f3xx_hal_can.o
                0x00000000080017fc                HAL_CAN_Start
 .text.HAL_CAN_Stop
                0x0000000008001884       0x92 ./Drivers/STM32F3xx_HAL_Driver/Src/stm32f3xx_hal_can.o
                0x0000000008001884                HAL_CAN_Stop
 .text.HAL_CAN_GetRxMessage
                0x0000000008001916      0x224 ./Drivers/STM32F3xx_HAL_Driver/Src/stm32f3xx_hal_can.o
                0x0000000008001916                HAL_CAN_GetRxMessage
 .text.HAL_CAN_GetRxFifoFillLevel
                0x0000000008001b3a       0x50 ./Drivers/STM32F3xx_HAL_Driver/Src/stm32f3xx_hal_can.o
                0x0000000008001b3a                HAL_CAN_GetRxFifoFillLevel
 *fill*         0x0000000008001b8a        0x2 
 .text.__NVIC_SetPriorityGrouping
                0x0000000008001b8c       0x48 ./Drivers/STM32F3xx_HAL_Driver/Src/stm32f3xx_hal_cortex.o
 .text.__NVIC_GetPriorityGrouping
                0x0000000008001bd4       0x1c ./Drivers/STM32F3xx_HAL_Driver/Src/stm32f3xx_hal_cortex.o
 .text.__NVIC_EnableIRQ
                0x0000000008001bf0       0x3c ./Drivers/STM32F3xx_HAL_Driver/Src/stm32f3xx_hal_cortex.o
 .text.__NVIC_SetPriority
                0x0000000008001c2c       0x54 ./Drivers/STM32F3xx_HAL_Driver/Src/stm32f3xx_hal_cortex.o
 .text.NVIC_EncodePriority
                0x0000000008001c80       0x66 ./Drivers/STM32F3xx_HAL_Driver/Src/stm32f3xx_hal_cortex.o
 *fill*         0x0000000008001ce6        0x2 
 .text.SysTick_Config
                0x0000000008001ce8       0x44 ./Drivers/STM32F3xx_HAL_Driver/Src/stm32f3xx_hal_cortex.o
 .text.HAL_NVIC_SetPriorityGrouping
                0x0000000008001d2c       0x16 ./Drivers/STM32F3xx_HAL_Driver/Src/stm32f3xx_hal_cortex.o
                0x0000000008001d2c                HAL_NVIC_SetPriorityGrouping
 .text.HAL_NVIC_SetPriority
                0x0000000008001d42       0x38 ./Drivers/STM32F3xx_HAL_Driver/Src/stm32f3xx_hal_cortex.o
                0x0000000008001d42                HAL_NVIC_SetPriority
 .text.HAL_NVIC_EnableIRQ
                0x0000000008001d7a       0x1c ./Drivers/STM32F3xx_HAL_Driver/Src/stm32f3xx_hal_cortex.o
                0x0000000008001d7a                HAL_NVIC_EnableIRQ
 .text.HAL_SYSTICK_Config
                0x0000000008001d96       0x18 ./Drivers/STM32F3xx_HAL_Driver/Src/stm32f3xx_hal_cortex.o
                0x0000000008001d96                HAL_SYSTICK_Config
 .text.HAL_DAC_Init
                0x0000000008001dae       0x44 ./Drivers/STM32F3xx_HAL_Driver/Src/stm32f3xx_hal_dac.o
                0x0000000008001dae                HAL_DAC_Init
 .text.HAL_DAC_SetValue
                0x0000000008001df2       0x3e ./Drivers/STM32F3xx_HAL_Driver/Src/stm32f3xx_hal_dac_ex.o
                0x0000000008001df2                HAL_DAC_SetValue
 .text.HAL_DAC_Start
                0x0000000008001e30       0x6e ./Drivers/STM32F3xx_HAL_Driver/Src/stm32f3xx_hal_dac_ex.o
                0x0000000008001e30                HAL_DAC_Start
 .text.HAL_DAC_ConfigChannel
                0x0000000008001e9e       0x9a ./Drivers/STM32F3xx_HAL_Driver/Src/stm32f3xx_hal_dac_ex.o
                0x0000000008001e9e                HAL_DAC_ConfigChannel
 .text.HAL_GPIO_Init
                0x0000000008001f38      0x2e4 ./Drivers/STM32F3xx_HAL_Driver/Src/stm32f3xx_hal_gpio.o
                0x0000000008001f38                HAL_GPIO_Init
 .text.HAL_GPIO_DeInit
                0x000000000800221c      0x1a8 ./Drivers/STM32F3xx_HAL_Driver/Src/stm32f3xx_hal_gpio.o
                0x000000000800221c                HAL_GPIO_DeInit
 .text.HAL_GPIO_ReadPin
                0x00000000080023c4       0x30 ./Drivers/STM32F3xx_HAL_Driver/Src/stm32f3xx_hal_gpio.o
                0x00000000080023c4                HAL_GPIO_ReadPin
 .text.HAL_GPIO_WritePin
                0x00000000080023f4       0x30 ./Drivers/STM32F3xx_HAL_Driver/Src/stm32f3xx_hal_gpio.o
                0x00000000080023f4                HAL_GPIO_WritePin
 .text.HAL_RCC_OscConfig
                0x0000000008002424      0xe10 ./Drivers/STM32F3xx_HAL_Driver/Src/stm32f3xx_hal_rcc.o
                0x0000000008002424                HAL_RCC_OscConfig
 .text.HAL_RCC_ClockConfig
                0x0000000008003234      0x2f8 ./Drivers/STM32F3xx_HAL_Driver/Src/stm32f3xx_hal_rcc.o
                0x0000000008003234                HAL_RCC_ClockConfig
 .text.HAL_RCC_GetSysClockFreq
                0x000000000800352c       0xd4 ./Drivers/STM32F3xx_HAL_Driver/Src/stm32f3xx_hal_rcc.o
                0x000000000800352c                HAL_RCC_GetSysClockFreq
 .text.HAL_RCCEx_PeriphCLKConfig
                0x0000000008003600      0x324 ./Drivers/STM32F3xx_HAL_Driver/Src/stm32f3xx_hal_rcc_ex.o
                0x0000000008003600                HAL_RCCEx_PeriphCLKConfig
 .text.HAL_SPI_Init
                0x0000000008003924      0x156 ./Drivers/STM32F3xx_HAL_Driver/Src/stm32f3xx_hal_spi.o
                0x0000000008003924                HAL_SPI_Init
 .text.HAL_SPI_Transmit
                0x0000000008003a7a      0x2dc ./Drivers/STM32F3xx_HAL_Driver/Src/stm32f3xx_hal_spi.o
                0x0000000008003a7a                HAL_SPI_Transmit
 .text.HAL_SPI_Receive
                0x0000000008003d56      0x260 ./Drivers/STM32F3xx_HAL_Driver/Src/stm32f3xx_hal_spi.o
                0x0000000008003d56                HAL_SPI_Receive
 .text.HAL_SPI_TransmitReceive
                0x0000000008003fb6      0x426 ./Drivers/STM32F3xx_HAL_Driver/Src/stm32f3xx_hal_spi.o
                0x0000000008003fb6                HAL_SPI_TransmitReceive
 .text.SPI_WaitFlagStateUntilTimeout
                0x00000000080043dc      0x110 ./Drivers/STM32F3xx_HAL_Driver/Src/stm32f3xx_hal_spi.o
 .text.SPI_WaitFifoStateUntilTimeout
                0x00000000080044ec      0x11c ./Drivers/STM32F3xx_HAL_Driver/Src/stm32f3xx_hal_spi.o
 .text.SPI_EndRxTransaction
                0x0000000008004608       0xb0 ./Drivers/STM32F3xx_HAL_Driver/Src/stm32f3xx_hal_spi.o
 .text.SPI_EndRxTxTransaction
                0x00000000080046b8       0x8c ./Drivers/STM32F3xx_HAL_Driver/Src/stm32f3xx_hal_spi.o
 .text.HAL_TIM_Base_Init
                0x0000000008004744       0xae ./Drivers/STM32F3xx_HAL_Driver/Src/stm32f3xx_hal_tim.o
                0x0000000008004744                HAL_TIM_Base_Init
 *fill*         0x00000000080047f2        0x2 
 .text.HAL_TIM_Base_Start_IT
                0x00000000080047f4       0xa8 ./Drivers/STM32F3xx_HAL_Driver/Src/stm32f3xx_hal_tim.o
                0x00000000080047f4                HAL_TIM_Base_Start_IT
 .text.HAL_TIM_Base_Stop_IT
                0x000000000800489c       0x5e ./Drivers/STM32F3xx_HAL_Driver/Src/stm32f3xx_hal_tim.o
                0x000000000800489c                HAL_TIM_Base_Stop_IT
 .text.HAL_TIM_IRQHandler
                0x00000000080048fa      0x23e ./Drivers/STM32F3xx_HAL_Driver/Src/stm32f3xx_hal_tim.o
                0x00000000080048fa                HAL_TIM_IRQHandler
 .text.HAL_TIM_OC_DelayElapsedCallback
                0x0000000008004b38       0x14 ./Drivers/STM32F3xx_HAL_Driver/Src/stm32f3xx_hal_tim.o
                0x0000000008004b38                HAL_TIM_OC_DelayElapsedCallback
 .text.HAL_TIM_IC_CaptureCallback
                0x0000000008004b4c       0x14 ./Drivers/STM32F3xx_HAL_Driver/Src/stm32f3xx_hal_tim.o
                0x0000000008004b4c                HAL_TIM_IC_CaptureCallback
 .text.HAL_TIM_PWM_PulseFinishedCallback
                0x0000000008004b60       0x14 ./Drivers/STM32F3xx_HAL_Driver/Src/stm32f3xx_hal_tim.o
                0x0000000008004b60                HAL_TIM_PWM_PulseFinishedCallback
 .text.HAL_TIM_TriggerCallback
                0x0000000008004b74       0x14 ./Drivers/STM32F3xx_HAL_Driver/Src/stm32f3xx_hal_tim.o
                0x0000000008004b74                HAL_TIM_TriggerCallback
 .text.TIM_Base_SetConfig
                0x0000000008004b88       0xdc ./Drivers/STM32F3xx_HAL_Driver/Src/stm32f3xx_hal_tim.o
                0x0000000008004b88                TIM_Base_SetConfig
 .text.HAL_TIMEx_CommutCallback
                0x0000000008004c64       0x14 ./Drivers/STM32F3xx_HAL_Driver/Src/stm32f3xx_hal_tim_ex.o
                0x0000000008004c64                HAL_TIMEx_CommutCallback
 .text.HAL_TIMEx_BreakCallback
                0x0000000008004c78       0x14 ./Drivers/STM32F3xx_HAL_Driver/Src/stm32f3xx_hal_tim_ex.o
                0x0000000008004c78                HAL_TIMEx_BreakCallback
 .text.HAL_TIMEx_Break2Callback
                0x0000000008004c8c       0x14 ./Drivers/STM32F3xx_HAL_Driver/Src/stm32f3xx_hal_tim_ex.o
                0x0000000008004c8c                HAL_TIMEx_Break2Callback
 .text.__libc_init_array
                0x0000000008004ca0       0x48 /opt/stm32cubeide/plugins/com.st.stm32cube.ide.mcu.externaltools.gnu-tools-for-stm32.9-2020-q2-update.linux64_2.0.0.202105311346/tools/bin/../lib/gcc/arm-none-eabi/9.3.1/../../../../arm-none-eabi/lib/thumb/v7e-m+fp/hard/libc_nano.a(lib_a-init.o)
                0x0000000008004ca0                __libc_init_array
 .text.memset   0x0000000008004ce8       0x10 /opt/stm32cubeide/plugins/com.st.stm32cube.ide.mcu.externaltools.gnu-tools-for-stm32.9-2020-q2-update.linux64_2.0.0.202105311346/tools/bin/../lib/gcc/arm-none-eabi/9.3.1/../../../../arm-none-eabi/lib/thumb/v7e-m+fp/hard/libc_nano.a(lib_a-memset.o)
                0x0000000008004ce8                memset
 *(.glue_7)
 .glue_7        0x0000000008004cf8        0x0 linker stubs
 *(.glue_7t)
 .glue_7t       0x0000000008004cf8        0x0 linker stubs
 *(.eh_frame)
 .eh_frame      0x0000000008004cf8        0x0 /opt/stm32cubeide/plugins/com.st.stm32cube.ide.mcu.externaltools.gnu-tools-for-stm32.9-2020-q2-update.linux64_2.0.0.202105311346/tools/bin/../lib/gcc/arm-none-eabi/9.3.1/thumb/v7e-m+fp/hard/crtbegin.o
 *(.init)
 .init          0x0000000008004cf8        0x4 /opt/stm32cubeide/plugins/com.st.stm32cube.ide.mcu.externaltools.gnu-tools-for-stm32.9-2020-q2-update.linux64_2.0.0.202105311346/tools/bin/../lib/gcc/arm-none-eabi/9.3.1/thumb/v7e-m+fp/hard/crti.o
                0x0000000008004cf8                _init
 .init          0x0000000008004cfc        0x8 /opt/stm32cubeide/plugins/com.st.stm32cube.ide.mcu.externaltools.gnu-tools-for-stm32.9-2020-q2-update.linux64_2.0.0.202105311346/tools/bin/../lib/gcc/arm-none-eabi/9.3.1/thumb/v7e-m+fp/hard/crtn.o
 *(.fini)
 .fini          0x0000000008004d04        0x4 /opt/stm32cubeide/plugins/com.st.stm32cube.ide.mcu.externaltools.gnu-tools-for-stm32.9-2020-q2-update.linux64_2.0.0.202105311346/tools/bin/../lib/gcc/arm-none-eabi/9.3.1/thumb/v7e-m+fp/hard/crti.o
                0x0000000008004d04                _fini
 .fini          0x0000000008004d08        0x8 /opt/stm32cubeide/plugins/com.st.stm32cube.ide.mcu.externaltools.gnu-tools-for-stm32.9-2020-q2-update.linux64_2.0.0.202105311346/tools/bin/../lib/gcc/arm-none-eabi/9.3.1/thumb/v7e-m+fp/hard/crtn.o
                0x0000000008004d10                . = ALIGN (0x4)
                0x0000000008004d10                _etext = .

.vfp11_veneer   0x0000000008004d10        0x0
 .vfp11_veneer  0x0000000008004d10        0x0 linker stubs

.v4_bx          0x0000000008004d10        0x0
 .v4_bx         0x0000000008004d10        0x0 linker stubs

.iplt           0x0000000008004d10        0x0
 .iplt          0x0000000008004d10        0x0 /opt/stm32cubeide/plugins/com.st.stm32cube.ide.mcu.externaltools.gnu-tools-for-stm32.9-2020-q2-update.linux64_2.0.0.202105311346/tools/bin/../lib/gcc/arm-none-eabi/9.3.1/thumb/v7e-m+fp/hard/crtbegin.o

.rodata         0x0000000008004d10       0x84
                0x0000000008004d10                . = ALIGN (0x4)
 *(.rodata)
 .rodata        0x0000000008004d10       0x11 ./Core/Src/main.o
 *(.rodata*)
 *fill*         0x0000000008004d21        0x3 
 .rodata.be_shift
                0x0000000008004d24       0x40 ./Core/Src/can_signal.o
                0x0000000008004d24                be_shift
 .rodata.AHBPrescTable
                0x0000000008004d64       0x10 ./Core/Src/system_stm32f3xx.o
                0x0000000008004d64                AHBPrescTable
 .rodata.aPLLMULFactorTable
                0x0000000008004d74       0x10 ./Drivers/STM32F3xx_HAL_Driver/Src/stm32f3xx_hal_rcc.o
                0x0000000008004d74                aPLLMULFactorTable
 .rodata.aPredivFactorTable
                0x0000000008004d84       0x10 ./Drivers/STM32F3xx_HAL_Driver/Src/stm32f3xx_hal_rcc.o
                0x0000000008004d84                aPredivFactorTable
                0x0000000008004d94                . = ALIGN (0x4)

.rel.dyn        0x0000000008004d94        0x0
 .rel.iplt      0x0000000008004d94        0x0 /opt/stm32cubeide/plugins/com.st.stm32cube.ide.mcu.externaltools.gnu-tools-for-stm32.9-2020-q2-update.linux64_2.0.0.202105311346/tools/bin/../lib/gcc/arm-none-eabi/9.3.1/thumb/v7e-m+fp/hard/crtbegin.o

.ARM.extab      0x0000000008004d94        0x0
                0x0000000008004d94                . = ALIGN (0x4)
 *(.ARM.extab* .gnu.linkonce.armextab.*)
                0x0000000008004d94                . = ALIGN (0x4)

.ARM            0x0000000008004d94        0x0
                0x0000000008004d94                . = ALIGN (0x4)
                0x0000000008004d94                __exidx_start = .
 *(.ARM.exidx*)
                0x0000000008004d94                __exidx_end = .
                0x0000000008004d94                . = ALIGN (0x4)

.preinit_array  0x0000000008004d94        0x0
                0x0000000008004d94                . = ALIGN (0x4)
                0x0000000008004d94                PROVIDE (__preinit_array_start = .)
 *(.preinit_array*)
                0x0000000008004d94                PROVIDE (__preinit_array_end = .)
                0x0000000008004d94                . = ALIGN (0x4)

.init_array     0x0000000008004d94        0x4
                0x0000000008004d94                . = ALIGN (0x4)
                0x0000000008004d94                PROVIDE (__init_array_start = .)
 *(SORT_BY_NAME(.init_array.*))
 *(.init_array*)
 .init_array    0x0000000008004d94        0x4 /opt/stm32cubeide/plugins/com.st.stm32cube.ide.mcu.externaltools.gnu-tools-for-stm32.9-2020-q2-update.linux64_2.0.0.202105311346/tools/bin/../lib/gcc/arm-none-eabi/9.3.1/thumb/v7e-m+fp/hard/crtbegin.o
                0x0000000008004d98                PROVIDE (__init_array_end = .)
                0x0000000008004d98                . = ALIGN (0x4)

.fini_array     0x0000000008004d98        0x4
                0x0000000008004d98                . = ALIGN (0x4)
                [!provide]                        PROVIDE (__fini_array_start = .)
 *(SORT_BY_NAME(.fini_array.*))
 *(.fini_array*)
 .fini_array    0x0000000008004d98        0x4 /opt/stm32cubeide/plugins/com.st.stm32cube.ide.mcu.externaltools.gnu-tools-for-stm32.9-2020-q2-update.linux64_2.0.0.202105311346/tools/bin/../lib/gcc/arm-none-eabi/9.3.1/thumb/v7e-m+fp/hard/crtbegin.o
                [!provide]                        PROVIDE (__fini_array_end = .)
                0x0000000008004d9c                . = ALIGN (0x4)
                0x0000000008004d9c                _sidata = LOADADDR (.data)

.data           0x0000000020000000        0xc load address 0x0000000008004d9c
                0x0000000020000000                . = ALIGN (0x4)
                0x0000000020000000                _sdata = .
 *(.data)
 *(.data*)
 .data.SystemCoreClock
                0x0000000020000000        0x4 ./Core/Src/system_stm32f3xx.o
                0x0000000020000000                SystemCoreClock
 .data.uwTickPrio
                0x0000000020000004        0x4 ./Drivers/STM32F3xx_HAL_Driver/Src/stm32f3xx_hal.o
                0x0000000020000004                uwTickPrio
 .data.uwTickFreq
                0x0000000020000008        0x1 ./Drivers/STM32F3xx_HAL_Driver/Src/stm32f3xx_hal.o
                0x0000000020000008                uwTickFreq
 *(.RamFunc)
 *(.RamFunc*)
                0x000000002000000c                . = ALIGN (0x4)
 *fill*         0x0000000020000009        0x3 
                0x000000002000000c                _edata = .

.igot.plt       0x000000002000000c        0x0 load address 0x0000000008004da8
 .igot.plt      0x000000002000000c        0x0 /opt/stm32cubeide/plugins/com.st.stm32cube.ide.mcu.externaltools.gnu-tools-for-stm32.9-2020-q2-update.linux64_2.0.0.202105311346/tools/bin/../lib/gcc/arm-none-eabi/9.3.1/thumb/v7e-m+fp/hard/crtbegin.o
                0x000000002000000c                . = ALIGN (0x4)

.bss            0x0000000020000010      0x190 load address 0x0000000008004da8
                0x0000000020000010                _sbss = .
                0x0000000020000010                __bss_start__ = _sbss
 *(.bss)
 .bss           0x0000000020000010       0x1c /opt/stm32cubeide/plugins/com.st.stm32cube.ide.mcu.externaltools.gnu-tools-for-stm32.9-2020-q2-update.linux64_2.0.0.202105311346/tools/bin/../lib/gcc/arm-none-eabi/9.3.1/thumb/v7e-m+fp/hard/crtbegin.o
 *(.bss*)
 *(COMMON)
 COMMON         0x000000002000002c       0x28 ./Core/Src/can.o
                0x000000002000002c                hcan
 COMMON         0x0000000020000054       0x14 ./Core/Src/dac.o
                0x0000000020000054                hdac
 COMMON         0x0000000020000068      0x134 ./Core/Src/main.o
                0x0000000020000068                canRxBuffer
                0x0000000020000070                hspi2
                0x00000000200000d4                sn
                0x00000000200000d8                canRxHeader
                0x00000000200000f8                signal
                0x0000000020000128                htim16
                0x0000000020000174                canFilter
 COMMON         0x000000002000019c        0x4 ./Drivers/STM32F3xx_HAL_Driver/Src/stm32f3xx_hal.o
                0x000000002000019c                uwTick
                0x00000000200001a0                . = ALIGN (0x4)
                0x00000000200001a0                _ebss = .
                0x00000000200001a0                __bss_end__ = _ebss

._user_heap_stack
                0x00000000200001a0      0x600 load address 0x0000000008004da8
                0x00000000200001a0                . = ALIGN (0x8)
                [!provide]                        PROVIDE (end = .)
                0x00000000200001a0                PROVIDE (_end = .)
                0x00000000200003a0                . = (. + _Min_Heap_Size)
 *fill*         0x00000000200001a0      0x200 
                0x00000000200007a0                . = (. + _Min_Stack_Size)
 *fill*         0x00000000200003a0      0x400 
                0x00000000200007a0                . = ALIGN (0x8)

/DISCARD/
 libc.a(*)
 libm.a(*)
 libgcc.a(*)

.ARM.attributes
                0x0000000000000000       0x30
 *(.ARM.attributes)
 .ARM.attributes
                0x0000000000000000       0x1e /opt/stm32cubeide/plugins/com.st.stm32cube.ide.mcu.externaltools.gnu-tools-for-stm32.9-2020-q2-update.linux64_2.0.0.202105311346/tools/bin/../lib/gcc/arm-none-eabi/9.3.1/thumb/v7e-m+fp/hard/crti.o
 .ARM.attributes
                0x000000000000001e       0x34 /opt/stm32cubeide/plugins/com.st.stm32cube.ide.mcu.externaltools.gnu-tools-for-stm32.9-2020-q2-update.linux64_2.0.0.202105311346/tools/bin/../lib/gcc/arm-none-eabi/9.3.1/thumb/v7e-m+fp/hard/crtbegin.o
 .ARM.attributes
                0x0000000000000052       0x34 ./Core/Src/can.o
 .ARM.attributes
                0x0000000000000086       0x34 ./Core/Src/can_bit_timing.o
 .ARM.attributes
                0x00000000000000ba       0x34 ./Core/Src/can_signal.o
 .ARM.attributes
                0x00000000000000ee       0x34 ./Core/Src/dac.o
 .ARM.attributes
                0x0000000000000122       0x34 ./Core/Src/device_sn.o
 .ARM.attributes
                0x0000000000000156       0x34 ./Core/Src/gpio.o
 .ARM.attributes
                0x000000000000018a       0x34 ./Core/Src/main.o
 .ARM.attributes
                0x00000000000001be       0x34 ./Core/Src/spi.o
 .ARM.attributes
                0x00000000000001f2       0x34 ./Core/Src/stm32f3xx_hal_msp.o
 .ARM.attributes
                0x0000000000000226       0x34 ./Core/Src/stm32f3xx_it.o
 .ARM.attributes
                0x000000000000025a       0x34 ./Core/Src/system_stm32f3xx.o
 .ARM.attributes
                0x000000000000028e       0x34 ./Core/Src/tim.o
 .ARM.attributes
                0x00000000000002c2       0x21 ./Core/Startup/startup_stm32f302c8tx.o
 .ARM.attributes
                0x00000000000002e3       0x34 ./Drivers/STM32F3xx_HAL_Driver/Src/stm32f3xx_hal.o
 .ARM.attributes
                0x0000000000000317       0x34 ./Drivers/STM32F3xx_HAL_Driver/Src/stm32f3xx_hal_can.o
 .ARM.attributes
                0x000000000000034b       0x34 ./Drivers/STM32F3xx_HAL_Driver/Src/stm32f3xx_hal_cortex.o
 .ARM.attributes
                0x000000000000037f       0x34 ./Drivers/STM32F3xx_HAL_Driver/Src/stm32f3xx_hal_dac.o
 .ARM.attributes
                0x00000000000003b3       0x34 ./Drivers/STM32F3xx_HAL_Driver/Src/stm32f3xx_hal_dac_ex.o
 .ARM.attributes
                0x00000000000003e7       0x34 ./Drivers/STM32F3xx_HAL_Driver/Src/stm32f3xx_hal_gpio.o
 .ARM.attributes
                0x000000000000041b       0x34 ./Drivers/STM32F3xx_HAL_Driver/Src/stm32f3xx_hal_rcc.o
 .ARM.attributes
                0x000000000000044f       0x34 ./Drivers/STM32F3xx_HAL_Driver/Src/stm32f3xx_hal_rcc_ex.o
 .ARM.attributes
                0x0000000000000483       0x34 ./Drivers/STM32F3xx_HAL_Driver/Src/stm32f3xx_hal_spi.o
 .ARM.attributes
                0x00000000000004b7       0x34 ./Drivers/STM32F3xx_HAL_Driver/Src/stm32f3xx_hal_tim.o
 .ARM.attributes
                0x00000000000004eb       0x34 ./Drivers/STM32F3xx_HAL_Driver/Src/stm32f3xx_hal_tim_ex.o
 .ARM.attributes
                0x000000000000051f       0x34 /opt/stm32cubeide/plugins/com.st.stm32cube.ide.mcu.externaltools.gnu-tools-for-stm32.9-2020-q2-update.linux64_2.0.0.202105311346/tools/bin/../lib/gcc/arm-none-eabi/9.3.1/../../../../arm-none-eabi/lib/thumb/v7e-m+fp/hard/libc_nano.a(lib_a-init.o)
 .ARM.attributes
                0x0000000000000553       0x34 /opt/stm32cubeide/plugins/com.st.stm32cube.ide.mcu.externaltools.gnu-tools-for-stm32.9-2020-q2-update.linux64_2.0.0.202105311346/tools/bin/../lib/gcc/arm-none-eabi/9.3.1/../../../../arm-none-eabi/lib/thumb/v7e-m+fp/hard/libc_nano.a(lib_a-memset.o)
 .ARM.attributes
                0x0000000000000587       0x1e /opt/stm32cubeide/plugins/com.st.stm32cube.ide.mcu.externaltools.gnu-tools-for-stm32.9-2020-q2-update.linux64_2.0.0.202105311346/tools/bin/../lib/gcc/arm-none-eabi/9.3.1/thumb/v7e-m+fp/hard/crtn.o
OUTPUT(CANalog_V1.elf elf32-littlearm)
LOAD linker stubs
LOAD /opt/stm32cubeide/plugins/com.st.stm32cube.ide.mcu.externaltools.gnu-tools-for-stm32.9-2020-q2-update.linux64_2.0.0.202105311346/tools/bin/../lib/gcc/arm-none-eabi/9.3.1/../../../../arm-none-eabi/lib/thumb/v7e-m+fp/hard/libc.a
LOAD /opt/stm32cubeide/plugins/com.st.stm32cube.ide.mcu.externaltools.gnu-tools-for-stm32.9-2020-q2-update.linux64_2.0.0.202105311346/tools/bin/../lib/gcc/arm-none-eabi/9.3.1/../../../../arm-none-eabi/lib/thumb/v7e-m+fp/hard/libm.a
LOAD /opt/stm32cubeide/plugins/com.st.stm32cube.ide.mcu.externaltools.gnu-tools-for-stm32.9-2020-q2-update.linux64_2.0.0.202105311346/tools/bin/../lib/gcc/arm-none-eabi/9.3.1/thumb/v7e-m+fp/hard/libgcc.a

.debug_info     0x0000000000000000    0x119fc
 .debug_info    0x0000000000000000      0x82d ./Core/Src/can.o
 .debug_info    0x000000000000082d      0x80e ./Core/Src/can_bit_timing.o
 .debug_info    0x000000000000103b      0x516 ./Core/Src/can_signal.o
 .debug_info    0x0000000000001551      0x865 ./Core/Src/dac.o
 .debug_info    0x0000000000001db6      0x26b ./Core/Src/device_sn.o
 .debug_info    0x0000000000002021      0x3eb ./Core/Src/gpio.o
 .debug_info    0x000000000000240c     0x1fbd ./Core/Src/main.o
 .debug_info    0x00000000000043c9      0x947 ./Core/Src/spi.o
 .debug_info    0x0000000000004d10      0x299 ./Core/Src/stm32f3xx_hal_msp.o
 .debug_info    0x0000000000004fa9      0x802 ./Core/Src/stm32f3xx_it.o
 .debug_info    0x00000000000057ab      0x49a ./Core/Src/system_stm32f3xx.o
 .debug_info    0x0000000000005c45      0xa3e ./Core/Src/tim.o
 .debug_info    0x0000000000006683       0x22 ./Core/Startup/startup_stm32f302c8tx.o
 .debug_info    0x00000000000066a5      0x7dd ./Drivers/STM32F3xx_HAL_Driver/Src/stm32f3xx_hal.o
 .debug_info    0x0000000000006e82     0x107d ./Drivers/STM32F3xx_HAL_Driver/Src/stm32f3xx_hal_can.o
 .debug_info    0x0000000000007eff      0xc09 ./Drivers/STM32F3xx_HAL_Driver/Src/stm32f3xx_hal_cortex.o
 .debug_info    0x0000000000008b08      0x981 ./Drivers/STM32F3xx_HAL_Driver/Src/stm32f3xx_hal_dac.o
 .debug_info    0x0000000000009489      0x927 ./Drivers/STM32F3xx_HAL_Driver/Src/stm32f3xx_hal_dac_ex.o
 .debug_info    0x0000000000009db0      0x779 ./Drivers/STM32F3xx_HAL_Driver/Src/stm32f3xx_hal_gpio.o
 .debug_info    0x000000000000a529     0x15b5 ./Drivers/STM32F3xx_HAL_Driver/Src/stm32f3xx_hal_rcc.o
 .debug_info    0x000000000000bade      0x671 ./Drivers/STM32F3xx_HAL_Driver/Src/stm32f3xx_hal_rcc_ex.o
 .debug_info    0x000000000000c14f     0x17cb ./Drivers/STM32F3xx_HAL_Driver/Src/stm32f3xx_hal_spi.o
 .debug_info    0x000000000000d91a     0x2b64 ./Drivers/STM32F3xx_HAL_Driver/Src/stm32f3xx_hal_tim.o
 .debug_info    0x000000000001047e     0x157e ./Drivers/STM32F3xx_HAL_Driver/Src/stm32f3xx_hal_tim_ex.o

.debug_abbrev   0x0000000000000000     0x2c77
 .debug_abbrev  0x0000000000000000      0x1d5 ./Core/Src/can.o
 .debug_abbrev  0x00000000000001d5      0x165 ./Core/Src/can_bit_timing.o
 .debug_abbrev  0x000000000000033a      0x1ef ./Core/Src/can_signal.o
 .debug_abbrev  0x0000000000000529      0x1bb ./Core/Src/dac.o
 .debug_abbrev  0x00000000000006e4      0x137 ./Core/Src/device_sn.o
 .debug_abbrev  0x000000000000081b      0x14e ./Core/Src/gpio.o
 .debug_abbrev  0x0000000000000969      0x2c4 ./Core/Src/main.o
 .debug_abbrev  0x0000000000000c2d      0x1bb ./Core/Src/spi.o
 .debug_abbrev  0x0000000000000de8      0x11d ./Core/Src/stm32f3xx_hal_msp.o
 .debug_abbrev  0x0000000000000f05      0x176 ./Core/Src/stm32f3xx_it.o
 .debug_abbrev  0x000000000000107b      0x145 ./Core/Src/system_stm32f3xx.o
 .debug_abbrev  0x00000000000011c0      0x1bb ./Core/Src/tim.o
 .debug_abbrev  0x000000000000137b       0x12 ./Core/Startup/startup_stm32f302c8tx.o
 .debug_abbrev  0x000000000000138d      0x1ed ./Drivers/STM32F3xx_HAL_Driver/Src/stm32f3xx_hal.o
 .debug_abbrev  0x000000000000157a      0x224 ./Drivers/STM32F3xx_HAL_Driver/Src/stm32f3xx_hal_can.o
 .debug_abbrev  0x000000000000179e      0x313 ./Drivers/STM32F3xx_HAL_Driver/Src/stm32f3xx_hal_cortex.o
 .debug_abbrev  0x0000000000001ab1      0x1c5 ./Drivers/STM32F3xx_HAL_Driver/Src/stm32f3xx_hal_dac.o
 .debug_abbrev  0x0000000000001c76      0x212 ./Drivers/STM32F3xx_HAL_Driver/Src/stm32f3xx_hal_dac_ex.o
 .debug_abbrev  0x0000000000001e88      0x1e8 ./Drivers/STM32F3xx_HAL_Driver/Src/stm32f3xx_hal_gpio.o
 .debug_abbrev  0x0000000000002070      0x2c4 ./Drivers/STM32F3xx_HAL_Driver/Src/stm32f3xx_hal_rcc.o
 .debug_abbrev  0x0000000000002334      0x22b ./Drivers/STM32F3xx_HAL_Driver/Src/stm32f3xx_hal_rcc_ex.o
 .debug_abbrev  0x000000000000255f      0x254 ./Drivers/STM32F3xx_HAL_Driver/Src/stm32f3xx_hal_spi.o
 .debug_abbrev  0x00000000000027b3      0x25e ./Drivers/STM32F3xx_HAL_Driver/Src/stm32f3xx_hal_tim.o
 .debug_abbrev  0x0000000000002a11      0x266 ./Drivers/STM32F3xx_HAL_Driver/Src/stm32f3xx_hal_tim_ex.o

.debug_aranges  0x0000000000000000      0xf10
 .debug_aranges
                0x0000000000000000       0x30 ./Core/Src/can.o
 .debug_aranges
                0x0000000000000030       0x20 ./Core/Src/can_bit_timing.o
 .debug_aranges
                0x0000000000000050       0x40 ./Core/Src/can_signal.o
 .debug_aranges
                0x0000000000000090       0x30 ./Core/Src/dac.o
 .debug_aranges
                0x00000000000000c0       0x30 ./Core/Src/device_sn.o
 .debug_aranges
                0x00000000000000f0       0x20 ./Core/Src/gpio.o
 .debug_aranges
                0x0000000000000110       0x48 ./Core/Src/main.o
 .debug_aranges
                0x0000000000000158       0x30 ./Core/Src/spi.o
 .debug_aranges
                0x0000000000000188       0x20 ./Core/Src/stm32f3xx_hal_msp.o
 .debug_aranges
                0x00000000000001a8       0x68 ./Core/Src/stm32f3xx_it.o
 .debug_aranges
                0x0000000000000210       0x28 ./Core/Src/system_stm32f3xx.o
 .debug_aranges
                0x0000000000000238       0x30 ./Core/Src/tim.o
 .debug_aranges
                0x0000000000000268       0x28 ./Core/Startup/startup_stm32f302c8tx.o
 .debug_aranges
                0x0000000000000290       0xe0 ./Drivers/STM32F3xx_HAL_Driver/Src/stm32f3xx_hal.o
 .debug_aranges
                0x0000000000000370      0x138 ./Drivers/STM32F3xx_HAL_Driver/Src/stm32f3xx_hal_can.o
 .debug_aranges
                0x00000000000004a8      0x100 ./Drivers/STM32F3xx_HAL_Driver/Src/stm32f3xx_hal_cortex.o
 .debug_aranges
                0x00000000000005a8       0xa8 ./Drivers/STM32F3xx_HAL_Driver/Src/stm32f3xx_hal_dac.o
 .debug_aranges
                0x0000000000000650       0x78 ./Drivers/STM32F3xx_HAL_Driver/Src/stm32f3xx_hal_dac_ex.o
 .debug_aranges
                0x00000000000006c8       0x58 ./Drivers/STM32F3xx_HAL_Driver/Src/stm32f3xx_hal_gpio.o
 .debug_aranges
                0x0000000000000720       0x88 ./Drivers/STM32F3xx_HAL_Driver/Src/stm32f3xx_hal_rcc.o
 .debug_aranges
                0x00000000000007a8       0x38 ./Drivers/STM32F3xx_HAL_Driver/Src/stm32f3xx_hal_rcc_ex.o
 .debug_aranges
                0x00000000000007e0      0x1d8 ./Drivers/STM32F3xx_HAL_Driver/Src/stm32f3xx_hal_spi.o
 .debug_aranges
                0x00000000000009b8      0x3e0 ./Drivers/STM32F3xx_HAL_Driver/Src/stm32f3xx_hal_tim.o
 .debug_aranges
                0x0000000000000d98      0x178 ./Drivers/STM32F3xx_HAL_Driver/Src/stm32f3xx_hal_tim_ex.o

.debug_ranges   0x0000000000000000      0xd98
 .debug_ranges  0x0000000000000000       0x20 ./Core/Src/can.o
 .debug_ranges  0x0000000000000020       0x10 ./Core/Src/can_bit_timing.o
 .debug_ranges  0x0000000000000030       0x30 ./Core/Src/can_signal.o
 .debug_ranges  0x0000000000000060       0x20 ./Core/Src/dac.o
 .debug_ranges  0x0000000000000080       0x20 ./Core/Src/device_sn.o
 .debug_ranges  0x00000000000000a0       0x10 ./Core/Src/gpio.o
 .debug_ranges  0x00000000000000b0       0x38 ./Core/Src/main.o
 .debug_ranges  0x00000000000000e8       0x20 ./Core/Src/spi.o
 .debug_ranges  0x0000000000000108       0x10 ./Core/Src/stm32f3xx_hal_msp.o
 .debug_ranges  0x0000000000000118       0x58 ./Core/Src/stm32f3xx_it.o
 .debug_ranges  0x0000000000000170       0x18 ./Core/Src/system_stm32f3xx.o
 .debug_ranges  0x0000000000000188       0x20 ./Core/Src/tim.o
 .debug_ranges  0x00000000000001a8       0x20 ./Core/Startup/startup_stm32f302c8tx.o
 .debug_ranges  0x00000000000001c8       0xd0 ./Drivers/STM32F3xx_HAL_Driver/Src/stm32f3xx_hal.o
 .debug_ranges  0x0000000000000298      0x128 ./Drivers/STM32F3xx_HAL_Driver/Src/stm32f3xx_hal_can.o
 .debug_ranges  0x00000000000003c0       0xf0 ./Drivers/STM32F3xx_HAL_Driver/Src/stm32f3xx_hal_cortex.o
 .debug_ranges  0x00000000000004b0       0x98 ./Drivers/STM32F3xx_HAL_Driver/Src/stm32f3xx_hal_dac.o
 .debug_ranges  0x0000000000000548       0x68 ./Drivers/STM32F3xx_HAL_Driver/Src/stm32f3xx_hal_dac_ex.o
 .debug_ranges  0x00000000000005b0       0x48 ./Drivers/STM32F3xx_HAL_Driver/Src/stm32f3xx_hal_gpio.o
 .debug_ranges  0x00000000000005f8       0x78 ./Drivers/STM32F3xx_HAL_Driver/Src/stm32f3xx_hal_rcc.o
 .debug_ranges  0x0000000000000670       0x28 ./Drivers/STM32F3xx_HAL_Driver/Src/stm32f3xx_hal_rcc_ex.o
 .debug_ranges  0x0000000000000698      0x1c8 ./Drivers/STM32F3xx_HAL_Driver/Src/stm32f3xx_hal_spi.o
 .debug_ranges  0x0000000000000860      0x3d0 ./Drivers/STM32F3xx_HAL_Driver/Src/stm32f3xx_hal_tim.o
 .debug_ranges  0x0000000000000c30      0x168 ./Drivers/STM32F3xx_HAL_Driver/Src/stm32f3xx_hal_tim_ex.o

.debug_macro    0x0000000000000000    0x1d118
 .debug_macro   0x0000000000000000      0x1fe ./Core/Src/can.o
 .debug_macro   0x00000000000001fe      0xaa8 ./Core/Src/can.o
 .debug_macro   0x0000000000000ca6      0x163 ./Core/Src/can.o
 .debug_macro   0x0000000000000e09       0x2e ./Core/Src/can.o
 .debug_macro   0x0000000000000e37       0x28 ./Core/Src/can.o
 .debug_macro   0x0000000000000e5f       0x22 ./Core/Src/can.o
 .debug_macro   0x0000000000000e81       0x8e ./Core/Src/can.o
 .debug_macro   0x0000000000000f0f       0x51 ./Core/Src/can.o
 .debug_macro   0x0000000000000f60      0x103 ./Core/Src/can.o
 .debug_macro   0x0000000000001063       0x6a ./Core/Src/can.o
 .debug_macro   0x00000000000010cd      0x1df ./Core/Src/can.o
 .debug_macro   0x00000000000012ac       0x1c ./Core/Src/can.o
 .debug_macro   0x00000000000012c8       0x22 ./Core/Src/can.o
 .debug_macro   0x00000000000012ea       0xdf ./Core/Src/can.o
 .debug_macro   0x00000000000013c9      0xf07 ./Core/Src/can.o
 .debug_macro   0x00000000000022d0    0x110e1 ./Core/Src/can.o
 .debug_macro   0x00000000000133b1       0x43 ./Core/Src/can.o
 .debug_macro   0x00000000000133f4     0x35e9 ./Core/Src/can.o
 .debug_macro   0x00000000000169dd      0x174 ./Core/Src/can.o
 .debug_macro   0x0000000000016b51       0x55 ./Core/Src/can.o
 .debug_macro   0x0000000000016ba6      0x8f9 ./Core/Src/can.o
 .debug_macro   0x000000000001749f      0x41b ./Core/Src/can.o
 .debug_macro   0x00000000000178ba      0x12f ./Core/Src/can.o
 .debug_macro   0x00000000000179e9      0x161 ./Core/Src/can.o
 .debug_macro   0x0000000000017b4a      0x1d5 ./Core/Src/can.o
 .debug_macro   0x0000000000017d1f      0x1bc ./Core/Src/can.o
 .debug_macro   0x0000000000017edb       0x34 ./Core/Src/can.o
 .debug_macro   0x0000000000017f0f       0x3c ./Core/Src/can.o
 .debug_macro   0x0000000000017f4b       0x57 ./Core/Src/can.o
 .debug_macro   0x0000000000017fa2      0x408 ./Core/Src/can.o
 .debug_macro   0x00000000000183aa      0x176 ./Core/Src/can.o
 .debug_macro   0x0000000000018520       0x4e ./Core/Src/can.o
 .debug_macro   0x000000000001856e       0xc5 ./Core/Src/can.o
 .debug_macro   0x0000000000018633      0x19f ./Core/Src/can.o
 .debug_macro   0x00000000000187d2      0x22c ./Core/Src/can.o
 .debug_macro   0x00000000000189fe       0x5b ./Core/Src/can.o
 .debug_macro   0x0000000000018a59       0xa5 ./Core/Src/can.o
 .debug_macro   0x0000000000018afe       0x81 ./Core/Src/can.o
 .debug_macro   0x0000000000018b7f       0xd3 ./Core/Src/can.o
 .debug_macro   0x0000000000018c52      0x2fe ./Core/Src/can.o
 .debug_macro   0x0000000000018f50      0xa3d ./Core/Src/can.o
 .debug_macro   0x000000000001998d       0x41 ./Core/Src/can.o
 .debug_macro   0x00000000000199ce      0x1f7 ./Core/Src/can.o
 .debug_macro   0x0000000000019bc5       0x7c ./Core/Src/can.o
 .debug_macro   0x0000000000019c41      0x226 ./Core/Src/can_bit_timing.o
 .debug_macro   0x0000000000019e67       0x9a ./Core/Src/can_bit_timing.o
 .debug_macro   0x0000000000019f01       0x7c ./Core/Src/can_bit_timing.o
 .debug_macro   0x0000000000019f7d      0x20d ./Core/Src/can_signal.o
 .debug_macro   0x000000000001a18a      0x1fe ./Core/Src/dac.o
 .debug_macro   0x000000000001a388      0x1fe ./Core/Src/device_sn.o
 .debug_macro   0x000000000001a586      0x1fe ./Core/Src/gpio.o
 .debug_macro   0x000000000001a784      0x33a ./Core/Src/main.o
 .debug_macro   0x000000000001aabe       0x52 ./Core/Src/main.o
 .debug_macro   0x000000000001ab10       0x18 ./Core/Src/main.o
 .debug_macro   0x000000000001ab28       0x3c ./Core/Src/main.o
 .debug_macro   0x000000000001ab64       0x34 ./Core/Src/main.o
 .debug_macro   0x000000000001ab98       0x16 ./Core/Src/main.o
 .debug_macro   0x000000000001abae       0x43 ./Core/Src/main.o
 .debug_macro   0x000000000001abf1       0x34 ./Core/Src/main.o
 .debug_macro   0x000000000001ac25       0x10 ./Core/Src/main.o
 .debug_macro   0x000000000001ac35       0x58 ./Core/Src/main.o
 .debug_macro   0x000000000001ac8d       0x71 ./Core/Src/main.o
 .debug_macro   0x000000000001acfe       0x1c ./Core/Src/main.o
 .debug_macro   0x000000000001ad1a      0x12a ./Core/Src/main.o
 .debug_macro   0x000000000001ae44      0x333 ./Core/Src/main.o
 .debug_macro   0x000000000001b177       0x10 ./Core/Src/main.o
 .debug_macro   0x000000000001b187       0x35 ./Core/Src/main.o
 .debug_macro   0x000000000001b1bc       0x20 ./Core/Src/main.o
 .debug_macro   0x000000000001b1dc      0x1fe ./Core/Src/spi.o
 .debug_macro   0x000000000001b3da      0x1f4 ./Core/Src/stm32f3xx_hal_msp.o
 .debug_macro   0x000000000001b5ce      0x1fe ./Core/Src/stm32f3xx_it.o
 .debug_macro   0x000000000001b7cc      0x1e5 ./Core/Src/system_stm32f3xx.o
 .debug_macro   0x000000000001b9b1      0x1fe ./Core/Src/tim.o
 .debug_macro   0x000000000001bbaf      0x209 ./Drivers/STM32F3xx_HAL_Driver/Src/stm32f3xx_hal.o
 .debug_macro   0x000000000001bdb8      0x1ed ./Drivers/STM32F3xx_HAL_Driver/Src/stm32f3xx_hal_can.o
 .debug_macro   0x000000000001bfa5      0x1e5 ./Drivers/STM32F3xx_HAL_Driver/Src/stm32f3xx_hal_cortex.o
 .debug_macro   0x000000000001c18a      0x1e6 ./Drivers/STM32F3xx_HAL_Driver/Src/stm32f3xx_hal_dac.o
 .debug_macro   0x000000000001c370      0x1e5 ./Drivers/STM32F3xx_HAL_Driver/Src/stm32f3xx_hal_dac_ex.o
 .debug_macro   0x000000000001c555      0x21d ./Drivers/STM32F3xx_HAL_Driver/Src/stm32f3xx_hal_gpio.o
 .debug_macro   0x000000000001c772      0x209 ./Drivers/STM32F3xx_HAL_Driver/Src/stm32f3xx_hal_rcc.o
 .debug_macro   0x000000000001c97b      0x1e5 ./Drivers/STM32F3xx_HAL_Driver/Src/stm32f3xx_hal_rcc_ex.o
 .debug_macro   0x000000000001cb60      0x1ed ./Drivers/STM32F3xx_HAL_Driver/Src/stm32f3xx_hal_spi.o
 .debug_macro   0x000000000001cd4d      0x1e6 ./Drivers/STM32F3xx_HAL_Driver/Src/stm32f3xx_hal_tim.o
 .debug_macro   0x000000000001cf33      0x1e5 ./Drivers/STM32F3xx_HAL_Driver/Src/stm32f3xx_hal_tim_ex.o

.debug_line     0x0000000000000000    0x1364f
 .debug_line    0x0000000000000000      0x74e ./Core/Src/can.o
 .debug_line    0x000000000000074e      0x834 ./Core/Src/can_bit_timing.o
 .debug_line    0x0000000000000f82      0x8bb ./Core/Src/can_signal.o
 .debug_line    0x000000000000183d      0x73b ./Core/Src/dac.o
 .debug_line    0x0000000000001f78      0x798 ./Core/Src/device_sn.o
 .debug_line    0x0000000000002710      0x710 ./Core/Src/gpio.o
 .debug_line    0x0000000000002e20      0xacb ./Core/Src/main.o
 .debug_line    0x00000000000038eb      0x755 ./Core/Src/spi.o
 .debug_line    0x0000000000004040      0x6e1 ./Core/Src/stm32f3xx_hal_msp.o
 .debug_line    0x0000000000004721      0x7bb ./Core/Src/stm32f3xx_it.o
 .debug_line    0x0000000000004edc      0x757 ./Core/Src/system_stm32f3xx.o
 .debug_line    0x0000000000005633      0x72f ./Core/Src/tim.o
 .debug_line    0x0000000000005d62       0x88 ./Core/Startup/startup_stm32f302c8tx.o
 .debug_line    0x0000000000005dea      0x98c ./Drivers/STM32F3xx_HAL_Driver/Src/stm32f3xx_hal.o
 .debug_line    0x0000000000006776     0x112b ./Drivers/STM32F3xx_HAL_Driver/Src/stm32f3xx_hal_can.o
 .debug_line    0x00000000000078a1      0xb74 ./Drivers/STM32F3xx_HAL_Driver/Src/stm32f3xx_hal_cortex.o
 .debug_line    0x0000000000008415      0x8d4 ./Drivers/STM32F3xx_HAL_Driver/Src/stm32f3xx_hal_dac.o
 .debug_line    0x0000000000008ce9      0xa19 ./Drivers/STM32F3xx_HAL_Driver/Src/stm32f3xx_hal_dac_ex.o
 .debug_line    0x0000000000009702      0xae3 ./Drivers/STM32F3xx_HAL_Driver/Src/stm32f3xx_hal_gpio.o
 .debug_line    0x000000000000a1e5     0x1366 ./Drivers/STM32F3xx_HAL_Driver/Src/stm32f3xx_hal_rcc.o
 .debug_line    0x000000000000b54b      0xbca ./Drivers/STM32F3xx_HAL_Driver/Src/stm32f3xx_hal_rcc_ex.o
 .debug_line    0x000000000000c115     0x1ef4 ./Drivers/STM32F3xx_HAL_Driver/Src/stm32f3xx_hal_spi.o
 .debug_line    0x000000000000e009     0x3aa8 ./Drivers/STM32F3xx_HAL_Driver/Src/stm32f3xx_hal_tim.o
 .debug_line    0x0000000000011ab1     0x1b9e ./Drivers/STM32F3xx_HAL_Driver/Src/stm32f3xx_hal_tim_ex.o

.debug_str      0x0000000000000000    0xa74a8
 .debug_str     0x0000000000000000    0x9fff8 ./Core/Src/can.o
                                      0xa02c7 (size before relaxing)
 .debug_str     0x000000000009fff8      0x586 ./Core/Src/can_bit_timing.o
                                      0xa072a (size before relaxing)
 .debug_str     0x00000000000a057e       0xa3 ./Core/Src/can_signal.o
                                      0xa027d (size before relaxing)
 .debug_str     0x00000000000a0621      0x328 ./Core/Src/dac.o
                                      0xa0378 (size before relaxing)
 .debug_str     0x00000000000a0949       0x36 ./Core/Src/device_sn.o
                                      0x9ff29 (size before relaxing)
 .debug_str     0x00000000000a097f       0x2c ./Core/Src/gpio.o
                                      0x9fffa (size before relaxing)
 .debug_str     0x00000000000a09ab     0x3a13 ./Core/Src/main.o
                                      0xa457e (size before relaxing)
 .debug_str     0x00000000000a43be       0x4b ./Core/Src/spi.o
                                      0xa03fd (size before relaxing)
 .debug_str     0x00000000000a4409       0x2c ./Core/Src/stm32f3xx_hal_msp.o
                                      0x9ff5d (size before relaxing)
 .debug_str     0x00000000000a4435       0xbd ./Core/Src/stm32f3xx_it.o
                                      0xa04aa (size before relaxing)
 .debug_str     0x00000000000a44f2       0xb3 ./Core/Src/system_stm32f3xx.o
                                      0x9fe16 (size before relaxing)
 .debug_str     0x00000000000a45a5      0x2ca ./Core/Src/tim.o
                                      0xa0808 (size before relaxing)
 .debug_str     0x00000000000a486f       0x36 ./Core/Startup/startup_stm32f302c8tx.o
                                         0x73 (size before relaxing)
 .debug_str     0x00000000000a48a5      0x30d ./Drivers/STM32F3xx_HAL_Driver/Src/stm32f3xx_hal.o
                                      0xa04ce (size before relaxing)
 .debug_str     0x00000000000a4bb2      0x497 ./Drivers/STM32F3xx_HAL_Driver/Src/stm32f3xx_hal_can.o
                                      0xa05bd (size before relaxing)
 .debug_str     0x00000000000a5049      0x284 ./Drivers/STM32F3xx_HAL_Driver/Src/stm32f3xx_hal_cortex.o
                                      0xa04af (size before relaxing)
 .debug_str     0x00000000000a52cd      0x17c ./Drivers/STM32F3xx_HAL_Driver/Src/stm32f3xx_hal_dac.o
                                      0xa0256 (size before relaxing)
 .debug_str     0x00000000000a5449       0xf5 ./Drivers/STM32F3xx_HAL_Driver/Src/stm32f3xx_hal_dac_ex.o
                                      0xa020a (size before relaxing)
 .debug_str     0x00000000000a553e      0x224 ./Drivers/STM32F3xx_HAL_Driver/Src/stm32f3xx_hal_gpio.o
                                      0xa0085 (size before relaxing)
 .debug_str     0x00000000000a5762      0x2de ./Drivers/STM32F3xx_HAL_Driver/Src/stm32f3xx_hal_rcc.o
                                      0xa0284 (size before relaxing)
 .debug_str     0x00000000000a5a40       0xd8 ./Drivers/STM32F3xx_HAL_Driver/Src/stm32f3xx_hal_rcc_ex.o
                                      0xa001d (size before relaxing)
 .debug_str     0x00000000000a5b18      0x581 ./Drivers/STM32F3xx_HAL_Driver/Src/stm32f3xx_hal_spi.o
                                      0xa070b (size before relaxing)
 .debug_str     0x00000000000a6099      0xe37 ./Drivers/STM32F3xx_HAL_Driver/Src/stm32f3xx_hal_tim.o
                                      0xa11d2 (size before relaxing)
 .debug_str     0x00000000000a6ed0      0x5d8 ./Drivers/STM32F3xx_HAL_Driver/Src/stm32f3xx_hal_tim_ex.o
                                      0xa09ff (size before relaxing)

.comment        0x0000000000000000       0x53
 .comment       0x0000000000000000       0x53 ./Core/Src/can.o
                                         0x54 (size before relaxing)
 .comment       0x0000000000000053       0x54 ./Core/Src/can_bit_timing.o
 .comment       0x0000000000000053       0x54 ./Core/Src/can_signal.o
 .comment       0x0000000000000053       0x54 ./Core/Src/dac.o
 .comment       0x0000000000000053       0x54 ./Core/Src/device_sn.o
 .comment       0x0000000000000053       0x54 ./Core/Src/gpio.o
 .comment       0x0000000000000053       0x54 ./Core/Src/main.o
 .comment       0x0000000000000053       0x54 ./Core/Src/spi.o
 .comment       0x0000000000000053       0x54 ./Core/Src/stm32f3xx_hal_msp.o
 .comment       0x0000000000000053       0x54 ./Core/Src/stm32f3xx_it.o
 .comment       0x0000000000000053       0x54 ./Core/Src/system_stm32f3xx.o
 .comment       0x0000000000000053       0x54 ./Core/Src/tim.o
 .comment       0x0000000000000053       0x54 ./Drivers/STM32F3xx_HAL_Driver/Src/stm32f3xx_hal.o
 .comment       0x0000000000000053       0x54 ./Drivers/STM32F3xx_HAL_Driver/Src/stm32f3xx_hal_can.o
 .comment       0x0000000000000053       0x54 ./Drivers/STM32F3xx_HAL_Driver/Src/stm32f3xx_hal_cortex.o
 .comment       0x0000000000000053       0x54 ./Drivers/STM32F3xx_HAL_Driver/Src/stm32f3xx_hal_dac.o
 .comment       0x0000000000000053       0x54 ./Drivers/STM32F3xx_HAL_Driver/Src/stm32f3xx_hal_dac_ex.o
 .comment       0x0000000000000053       0x54 ./Drivers/STM32F3xx_HAL_Driver/Src/stm32f3xx_hal_gpio.o
 .comment       0x0000000000000053       0x54 ./Drivers/STM32F3xx_HAL_Driver/Src/stm32f3xx_hal_rcc.o
 .comment       0x0000000000000053       0x54 ./Drivers/STM32F3xx_HAL_Driver/Src/stm32f3xx_hal_rcc_ex.o
 .comment       0x0000000000000053       0x54 ./Drivers/STM32F3xx_HAL_Driver/Src/stm32f3xx_hal_spi.o
 .comment       0x0000000000000053       0x54 ./Drivers/STM32F3xx_HAL_Driver/Src/stm32f3xx_hal_tim.o
 .comment       0x0000000000000053       0x54 ./Drivers/STM32F3xx_HAL_Driver/Src/stm32f3xx_hal_tim_ex.o

.debug_frame    0x0000000000000000     0x3d5c
 .debug_frame   0x0000000000000000       0x74 ./Core/Src/can.o
 .debug_frame   0x0000000000000074       0x38 ./Core/Src/can_bit_timing.o
 .debug_frame   0x00000000000000ac      0x104 ./Core/Src/can_signal.o
 .debug_frame   0x00000000000001b0       0x7c ./Core/Src/dac.o
 .debug_frame   0x000000000000022c       0x80 ./Core/Src/device_sn.o
 .debug_frame   0x00000000000002ac       0x34 ./Core/Src/gpio.o
 .debug_frame   0x00000000000002e0       0xd4 ./Core/Src/main.o
 .debug_frame   0x00000000000003b4       0x74 ./Core/Src/spi.o
 .debug_frame   0x0000000000000428       0x38 ./Core/Src/stm32f3xx_hal_msp.o
 .debug_frame   0x0000000000000460      0x120 ./Core/Src/stm32f3xx_it.o
 .debug_frame   0x0000000000000580       0x58 ./Core/Src/system_stm32f3xx.o
 .debug_frame   0x00000000000005d8       0x74 ./Core/Src/tim.o
 .debug_frame   0x000000000000064c      0x334 ./Drivers/STM32F3xx_HAL_Driver/Src/stm32f3xx_hal.o
 .debug_frame   0x0000000000000980      0x5a0 ./Drivers/STM32F3xx_HAL_Driver/Src/stm32f3xx_hal_can.o
 .debug_frame   0x0000000000000f20      0x428 ./Drivers/STM32F3xx_HAL_Driver/Src/stm32f3xx_hal_cortex.o
 .debug_frame   0x0000000000001348      0x2d4 ./Drivers/STM32F3xx_HAL_Driver/Src/stm32f3xx_hal_dac.o
 .debug_frame   0x000000000000161c      0x1dc ./Drivers/STM32F3xx_HAL_Driver/Src/stm32f3xx_hal_dac_ex.o
 .debug_frame   0x00000000000017f8      0x14c ./Drivers/STM32F3xx_HAL_Driver/Src/stm32f3xx_hal_gpio.o
 .debug_frame   0x0000000000001944      0x214 ./Drivers/STM32F3xx_HAL_Driver/Src/stm32f3xx_hal_rcc.o
 .debug_frame   0x0000000000001b58       0xb4 ./Drivers/STM32F3xx_HAL_Driver/Src/stm32f3xx_hal_rcc_ex.o
 .debug_frame   0x0000000000001c0c      0x860 ./Drivers/STM32F3xx_HAL_Driver/Src/stm32f3xx_hal_spi.o
 .debug_frame   0x000000000000246c     0x121c ./Drivers/STM32F3xx_HAL_Driver/Src/stm32f3xx_hal_tim.o
 .debug_frame   0x0000000000003688      0x688 ./Drivers/STM32F3xx_HAL_Driver/Src/stm32f3xx_hal_tim_ex.o
 .debug_frame   0x0000000000003d10       0x2c /opt/stm32cubeide/plugins/com.st.stm32cube.ide.mcu.externaltools.gnu-tools-for-stm32.9-2020-q2-update.linux64_2.0.0.202105311346/tools/bin/../lib/gcc/arm-none-eabi/9.3.1/../../../../arm-none-eabi/lib/thumb/v7e-m+fp/hard/libc_nano.a(lib_a-init.o)
 .debug_frame   0x0000000000003d3c       0x20 /opt/stm32cubeide/plugins/com.st.stm32cube.ide.mcu.externaltools.gnu-tools-for-stm32.9-2020-q2-update.linux64_2.0.0.202105311346/tools/bin/../lib/gcc/arm-none-eabi/9.3.1/../../../../arm-none-eabi/lib/thumb/v7e-m+fp/hard/libc_nano.a(lib_a-memset.o)
